
> frontend@0.0.0 build
> tsc -b && vite build

src/views/register/components/AuthForm.tsx(27,3): error TS6133: 'onFocusField' is declared but its value is never read.
src/views/register/components/AuthForm.tsx(43,9): error TS6133: 'isSubmitDisabled' is declared but its value is never read.
src/views/results/components/FeedbackButtons.tsx(41,11): error TS6133: 'isThisButtonSubmitting' is declared but its value is never read.
